
> admin@0.1.0 dev
> next dev

▲ Next.js 16.3.3 (Turbopack)
- Local:         http://localhost:3000
- Network:       http://192.168.1.254:3000
- Environments: .env
✓ Ready in 435ms
✓ Running next.config.ts took 101ms

 GET /login 200 in 27ms (next.js: 1.4ms, proxy.ts: 3ms, application-code: 23ms)
 GET /api/auth/session 200 in 790ms (next.js: 774ms, application-code: 16ms)
 GET /api/auth/session 200 in 4ms (next.js: 1.9ms, application-code: 1.8ms)
 GET /api/auth/session 200 in 2ms (next.js: 0.7ms, application-code: 1.4ms)
 GET /api/auth/session 200 in 2ms (next.js: 0.6ms, application-code: 1.8ms)
 GET /api/auth/providers 200 in 4ms (next.js: 1.8ms, application-code: 1.9ms)
 GET /api/auth/csrf 200 in 3ms (next.js: 1.6ms, application-code: 1.9ms)
 POST /api/auth/callback/credentials? 200 in 90ms (next.js: 0.9ms, application-code: 89ms)
 GET /api/auth/session 200 in 5ms (next.js: 0.9ms, application-code: 4ms)
 GET /dashboard 200 in 148ms (next.js: 126ms, proxy.ts: 5ms, application-code: 17ms)
 GET /dashboard 200 in 18ms (next.js: 2ms, proxy.ts: 3ms, application-code: 13ms)
 GET /dashboard/companies 200 in 170ms (next.js: 125ms, proxy.ts: 4ms, application-code: 42ms)
 GET /dashboard/companies 200 in 30ms (next.js: 1.3ms, proxy.ts: 9ms, application-code: 19ms)
 GET /dashboard/packages 200 in 871ms (next.js: 816ms, proxy.ts: 3ms, application-code: 52ms)
 GET /api/customers 200 in 170ms (next.js: 131ms, application-code: 39ms)
 GET /api/companies 200 in 171ms (next.js: 163ms, application-code: 9ms)
 GET /api/companies 200 in 5ms (next.js: 0.5ms, application-code: 5ms)
 GET /api/customers 200 in 7ms (next.js: 1.8ms, application-code: 6ms)
 GET /labels/57e25c14-c0d1-4674-a97b-5cacaca207cc 200 in 604ms (next.js: 559ms, application-code: 45ms)
 GET /api/auth/session 200 in 20ms (next.js: 7ms, application-code: 13ms)
 GET /api/auth/session 200 in 49ms (next.js: 8ms, application-code: 41ms)
 GET /api/auth/session 200 in 12ms (next.js: 2ms, application-code: 9ms)
 GET /api/auth/session 200 in 8ms (next.js: 1.2ms, application-code: 7ms)
 GET /api/auth/session 200 in 8ms (next.js: 1.2ms, application-code: 6ms)
 GET /api/auth/session 200 in 9ms (next.js: 2ms, application-code: 6ms)
 GET /api/auth/session 200 in 14ms (next.js: 7ms, application-code: 7ms)
 GET /api/auth/session 200 in 4ms (next.js: 0.9ms, application-code: 3ms)
✓ Compiled in 63ms
 GET /dashboard/packages 200 in 69ms (next.js: 4ms, proxy.ts: 8ms, application-code: 58ms)
 GET /dashboard/packages 200 in 24ms (next.js: 3ms, proxy.ts: 3ms, application-code: 18ms)
[?25h
