
> customer-portal-ids@0.1.0 dev
> next dev -p 3003

▲ Next.js 16.3.3 (Turbopack)
- Local:         http://localhost:3003
- Network:       http://192.168.1.254:3003
- Environments: .env
✓ Ready in 492ms
✓ Running next.config.ts took 159ms
○ Compiling proxy ...
[manifest] scheduler started, checking every 30s
[api-key] status poller started, checking every 5m

 GET / 200 in 3.4s (next.js: 2.6s, application-code: 820ms)
 GET /api/branding/logo 200 in 1060ms (next.js: 549ms, application-code: 511ms)
 GET /api/branding/hero-image 200 in 2.8s (next.js: 389ms, application-code: 2.4s)
 GET /api/branding/favicon 200 in 325ms (next.js: 113ms, application-code: 213ms)
 GET /api/auth/session 200 in 1145ms (next.js: 1127ms, application-code: 17ms)
 GET /api/auth/session 200 in 4ms (next.js: 1.9ms, application-code: 3ms)
 GET /api/auth/session 200 in 3ms (next.js: 1.0ms, application-code: 1.9ms)
 GET /api/auth/session 200 in 3ms (next.js: 0.8ms, application-code: 2ms)
[31m[auth][error][0m JWTSessionError: Read more at https://errors.authjs.dev#jwtsessionerror
[31m[auth][cause][0m: Error: no matching decryption secret
    at clockTolerance (/Users/deevexx/Documents/PROJECTS/freight-forwarder/customer-portal-ids/.next/dev/server/chunks/node_modules_@auth_core_1v8okbx._.js:484:15)
    at async decryptJWE (/Users/deevexx/Documents/PROJECTS/freight-forwarder/customer-portal-ids/.next/dev/server/chunks/node_modules_jose_dist_webapi_1oqzxyj._.js:977:40)
    at async jwtDecrypt (/Users/deevexx/Documents/PROJECTS/freight-forwarder/customer-portal-ids/.next/dev/server/chunks/node_modules_jose_dist_webapi_1oqzxyj._.js:98:38)
    at async Object.decode (/Users/deevexx/Documents/PROJECTS/freight-forwarder/customer-portal-ids/.next/dev/server/chunks/node_modules_@auth_core_1v8okbx._.js:474:25)
    at async Module.session (/Users/deevexx/Documents/PROJECTS/freight-forwarder/customer-portal-ids/.next/dev/server/chunks/node_modules_@auth_core_1v8okbx._.js:1940:29)
    at async AuthInternal (/Users/deevexx/Documents/PROJECTS/freight-forwarder/customer-portal-ids/.next/dev/server/chunks/node_modules_@auth_core_1v8okbx._.js:2494:24)
    at async Auth (/Users/deevexx/Documents/PROJECTS/freight-forwarder/customer-portal-ids/.next/dev/server/chunks/node_modules_@auth_core_1v8okbx._.js:350:34)
    at async handleAuth (/Users/deevexx/Documents/PROJECTS/freight-forwarder/customer-portal-ids/.next/dev/server/chunks/node_modules_0lozu53._.js:562:29)
    at async /Users/deevexx/Documents/PROJECTS/freight-forwarder/customer-portal-ids/.next/dev/server/chunks/node_modules_next_1jwlgir._.js:6101:20
    at async /Users/deevexx/Documents/PROJECTS/freight-forwarder/customer-portal-ids/.next/dev/server/chunks/node_modules_next_1jwlgir._.js:13309:28
    at async adapter (/Users/deevexx/Documents/PROJECTS/freight-forwarder/customer-portal-ids/.next/dev/server/chunks/node_modules_next_1jwlgir._.js:13248:16)
    at async DevServer.runMiddleware (/Users/deevexx/Documents/PROJECTS/freight-forwarder/customer-portal-ids/node_modules/next/dist/server/next-server.js:1206:26)
    at async DevServer.runMiddleware (/Users/deevexx/Documents/PROJECTS/freight-forwarder/customer-portal-ids/node_modules/next/dist/server/dev/next-dev-server.js:310:28)
    at async NextNodeServer.handleCatchallMiddlewareRequest (/Users/deevexx/Documents/PROJECTS/freight-forwarder/customer-portal-ids/node_modules/next/dist/server/next-server.js:392:26)
    at async DevServer.handleRequestImpl (/Users/deevexx/Documents/PROJECTS/freight-forwarder/customer-portal-ids/node_modules/next/dist/server/base-server.js:985:28)
    at async /Users/deevexx/Documents/PROJECTS/freight-forwarder/customer-portal-ids/node_modules/next/dist/server/dev/next-dev-server.js:426:20
    at async Span.traceAsyncFn (/Users/deevexx/Documents/PROJECTS/freight-forwarder/customer-portal-ids/node_modules/next/dist/trace/trace.js:164:20)
    at async DevServer.handleRequest (/Users/deevexx/Documents/PROJECTS/freight-forwarder/customer-portal-ids/node_modules/next/dist/server/dev/next-dev-server.js:422:24)
    at async handleRoute (/Users/deevexx/Documents/PROJECTS/freight-forwarder/customer-portal-ids/node_modules/next/dist/server/lib/router-utils/resolve-routes.js:369:33)
    at async resolveRoutes (/Users/deevexx/Documents/PROJECTS/freight-forwarder/customer-portal-ids/node_modules/next/dist/server/lib/router-utils/resolve-routes.js:625:28)
    at async handleRequest (/Users/deevexx/Documents/PROJECTS/freight-forwarder/customer-portal-ids/node_modules/next/dist/server/lib/router-server.js:354:96)
    at async requestHandlerImpl (/Users/deevexx/Documents/PROJECTS/freight-forwarder/customer-portal-ids/node_modules/next/dist/server/lib/router-server.js:565:13)
    at async Server.requestListener (/Users/deevexx/Documents/PROJECTS/freight-forwarder/customer-portal-ids/node_modules/next/dist/server/lib/start-server.js:225:13)
[31m[auth][details][0m: {}
[31m[auth][error][0m JWTSessionError: Read more at https://errors.authjs.dev#jwtsessionerror
[31m[auth][cause][0m: Error: no matching decryption secret
    at clockTolerance (/Users/deevexx/Documents/PROJECTS/freight-forwarder/customer-portal-ids/.next/dev/server/chunks/ssr/node_modules_@auth_core_1tplxaj._.js:484:15)
    at async decryptJWE (/Users/deevexx/Documents/PROJECTS/freight-forwarder/customer-portal-ids/.next/dev/server/chunks/ssr/node_modules_jose_dist_webapi_09q564q._.js:977:40)
    at async jwtDecrypt (/Users/deevexx/Documents/PROJECTS/freight-forwarder/customer-portal-ids/.next/dev/server/chunks/ssr/node_modules_jose_dist_webapi_09q564q._.js:98:38)
    at async Object.decode (/Users/deevexx/Documents/PROJECTS/freight-forwarder/customer-portal-ids/.next/dev/server/chunks/ssr/node_modules_@auth_core_1tplxaj._.js:474:25)
    at async Module.session (/Users/deevexx/Documents/PROJECTS/freight-forwarder/customer-portal-ids/.next/dev/server/chunks/ssr/node_modules_@auth_core_1tplxaj._.js:1940:29)
    at async AuthInternal (/Users/deevexx/Documents/PROJECTS/freight-forwarder/customer-portal-ids/.next/dev/server/chunks/ssr/node_modules_@auth_core_1tplxaj._.js:2494:24)
    at async Auth (/Users/deevexx/Documents/PROJECTS/freight-forwarder/customer-portal-ids/.next/dev/server/chunks/ssr/node_modules_@auth_core_1tplxaj._.js:350:34)
    at async LoginPage (/Users/deevexx/Documents/PROJECTS/freight-forwarder/customer-portal-ids/.next/dev/server/chunks/ssr/[root-of-the-server]__1_kyich._.js:41:21)
[31m[auth][details][0m: {}
 GET /login 200 in 803ms (next.js: 664ms, proxy.ts: 80ms, application-code: 59ms)
 GET /api/branding/logo 200 in 31ms (next.js: 5ms, application-code: 26ms)
 GET /api/auth/providers 200 in 15ms (next.js: 9ms, application-code: 6ms)
 GET /api/auth/csrf 200 in 5ms (next.js: 1.3ms, application-code: 3ms)
 POST /api/auth/callback/credentials? 200 in 83ms (next.js: 1.7ms, application-code: 82ms)
 GET /api/auth/session 200 in 5ms (next.js: 1.0ms, application-code: 4ms)
 GET /api/auth/session 200 in 7ms (next.js: 3ms, application-code: 3ms)
 GET /api/auth/session 200 in 7ms (next.js: 1.2ms, application-code: 6ms)
 GET /my-shipments 200 in 309ms (next.js: 150ms, proxy.ts: 8ms, application-code: 151ms)
 GET /my-shipments 200 in 155ms (next.js: 1.7ms, proxy.ts: 25ms, application-code: 128ms)
 GET /api/branding/favicon 200 in 501ms (next.js: 1.5ms, application-code: 499ms)
 GET /my-shipments/3de4a04b-3f05-43d1-8c73-d2a6e6c983c4 200 in 1463ms (next.js: 348ms, proxy.ts: 12ms, application-code: 1104ms)
 GET /my-shipments 200 in 92ms (next.js: 11ms, proxy.ts: 8ms, application-code: 73ms)
 GET /my-shipments/a6647005-8b07-4427-9daa-8874990db234 200 in 129ms (next.js: 37ms, proxy.ts: 12ms, application-code: 81ms)
 GET /api/branding/favicon 200 in 44ms (next.js: 4ms, application-code: 40ms)
 POST /api/packages/a6647005-8b07-4427-9daa-8874990db234/request-delivery 201 in 810ms (next.js: 763ms, application-code: 47ms)
 GET /profile 200 in 737ms (next.js: 425ms, proxy.ts: 23ms, application-code: 289ms)
 GET /api/branding/favicon 200 in 35ms (next.js: 4ms, application-code: 30ms)
 GET /api/locations 200 in 254ms (next.js: 69ms, application-code: 185ms)
 GET /api/locations 200 in 108ms (next.js: 3ms, application-code: 105ms)
 GET /api/auth/session 200 in 72ms (next.js: 64ms, application-code: 9ms)
 GET /api/auth/session 200 in 4ms (next.js: 2ms, application-code: 2ms)
[manifest] scheduler tick failed: Error [ApiError]: Request failed (500).
    at ApiClient.json (src/lib/apiClient.ts:93:13)
    at async getPortalSettings (src/lib/settings.ts:57:24)
    at async Timeout.tick [as _onTimeout] (src/lib/manifestScheduler.ts:22:22)
  91 |     if (!res.ok) {
  92 |       const message = (body as { error?: string } | null)?.error ?? `Request failed (${res.status}).`;
> 93 |       throw new ApiError(message, res.status);
     |             ^
  94 |     }
  95 |     return body as T;
  96 |   } {
  status: 500,
  isApiError: true
}
[manifest] scheduler tick failed: Error [ApiError]: Request failed (500).
    at ApiClient.json (src/lib/apiClient.ts:93:13)
    at async getPortalSettings (src/lib/settings.ts:57:24)
    at async Timeout.tick [as _onTimeout] (src/lib/manifestScheduler.ts:22:22)
  91 |     if (!res.ok) {
  92 |       const message = (body as { error?: string } | null)?.error ?? `Request failed (${res.status}).`;
> 93 |       throw new ApiError(message, res.status);
     |             ^
  94 |     }
  95 |     return body as T;
  96 |   } {
  status: 500,
  isApiError: true
}
[manifest] scheduler tick failed: Error [ApiError]: Request failed (500).
    at ApiClient.json (src/lib/apiClient.ts:93:13)
    at async getPortalSettings (src/lib/settings.ts:57:24)
    at async Timeout.tick [as _onTimeout] (src/lib/manifestScheduler.ts:22:22)
  91 |     if (!res.ok) {
  92 |       const message = (body as { error?: string } | null)?.error ?? `Request failed (${res.status}).`;
> 93 |       throw new ApiError(message, res.status);
     |             ^
  94 |     }
  95 |     return body as T;
  96 |   } {
  status: 500,
  isApiError: true
}
[manifest] scheduler tick failed: Error [ApiError]: Request failed (500).
    at ApiClient.json (src/lib/apiClient.ts:93:13)
    at async getPortalSettings (src/lib/settings.ts:57:24)
    at async Timeout.tick [as _onTimeout] (src/lib/manifestScheduler.ts:22:22)
  91 |     if (!res.ok) {
  92 |       const message = (body as { error?: string } | null)?.error ?? `Request failed (${res.status}).`;
> 93 |       throw new ApiError(message, res.status);
     |             ^
  94 |     }
  95 |     return body as T;
  96 |   } {
  status: 500,
  isApiError: true
}
[manifest] scheduler tick failed: Error [ApiError]: Request failed (500).
    at ApiClient.json (src/lib/apiClient.ts:93:13)
    at async getPortalSettings (src/lib/settings.ts:57:24)
    at async Timeout.tick [as _onTimeout] (src/lib/manifestScheduler.ts:22:22)
  91 |     if (!res.ok) {
  92 |       const message = (body as { error?: string } | null)?.error ?? `Request failed (${res.status}).`;
> 93 |       throw new ApiError(message, res.status);
     |             ^
  94 |     }
  95 |     return body as T;
  96 |   } {
  status: 500,
  isApiError: true
}
[manifest] scheduler tick failed: Error [ApiError]: Request failed (500).
    at ApiClient.json (src/lib/apiClient.ts:93:13)
    at async getPortalSettings (src/lib/settings.ts:57:24)
    at async Timeout.tick [as _onTimeout] (src/lib/manifestScheduler.ts:22:22)
  91 |     if (!res.ok) {
  92 |       const message = (body as { error?: string } | null)?.error ?? `Request failed (${res.status}).`;
> 93 |       throw new ApiError(message, res.status);
     |             ^
  94 |     }
  95 |     return body as T;
  96 |   } {
  status: 500,
  isApiError: true
}
[manifest] scheduler tick failed: Error [ApiError]: Request failed (500).
    at ApiClient.json (src/lib/apiClient.ts:93:13)
    at async getPortalSettings (src/lib/settings.ts:57:24)
    at async Timeout.tick [as _onTimeout] (src/lib/manifestScheduler.ts:22:22)
  91 |     if (!res.ok) {
  92 |       const message = (body as { error?: string } | null)?.error ?? `Request failed (${res.status}).`;
> 93 |       throw new ApiError(message, res.status);
     |             ^
  94 |     }
  95 |     return body as T;
  96 |   } {
  status: 500,
  isApiError: true
}
[manifest] scheduler tick failed: Error [ApiError]: Request failed (500).
    at ApiClient.json (src/lib/apiClient.ts:93:13)
    at async getPortalSettings (src/lib/settings.ts:57:24)
    at async Timeout.tick [as _onTimeout] (src/lib/manifestScheduler.ts:22:22)
  91 |     if (!res.ok) {
  92 |       const message = (body as { error?: string } | null)?.error ?? `Request failed (${res.status}).`;
> 93 |       throw new ApiError(message, res.status);
     |             ^
  94 |     }
  95 |     return body as T;
  96 |   } {
  status: 500,
  isApiError: true
}
[manifest] scheduler tick failed: Error [ApiError]: Request failed (500).
    at ApiClient.json (src/lib/apiClient.ts:93:13)
    at async getPortalSettings (src/lib/settings.ts:57:24)
    at async Timeout.tick [as _onTimeout] (src/lib/manifestScheduler.ts:22:22)
  91 |     if (!res.ok) {
  92 |       const message = (body as { error?: string } | null)?.error ?? `Request failed (${res.status}).`;
> 93 |       throw new ApiError(message, res.status);
     |             ^
  94 |     }
  95 |     return body as T;
  96 |   } {
  status: 500,
  isApiError: true
}
 GET /login?callbackUrl=http%3A%2F%2Flocalhost%3A3003%2Fprofile 307 in 91ms (proxy.ts: 3ms)
 GET /login?callbackUrl=http%3A%2F%2Flocalhost%3A3003%2Fprofile 307 in 39ms (proxy.ts: 7ms)
 GET /login?callbackUrl=http%3A%2F%2Flocalhost%3A3003%2Fprofile 307 in 16ms (proxy.ts: 4ms)
 GET /login?callbackUrl=http%3A%2F%2Flocalhost%3A3003%2Fprofile 200 in 59ms (next.js: 3ms, proxy.ts: 6ms, application-code: 51ms)
 GET /login?callbackUrl=http%3A%2F%2Flocalhost%3A3003%2Fprofile 307 in 9ms (proxy.ts: 7ms)
 GET /login?callbackUrl=http%3A%2F%2Flocalhost%3A3003%2Fprofile 200 in 39ms (next.js: 3ms, proxy.ts: 4ms, application-code: 31ms)
 GET /login?callbackUrl=http%3A%2F%2Flocalhost%3A3003%2Fprofile 200 in 25ms (next.js: 1.9ms, proxy.ts: 7ms, application-code: 16ms)
 GET /login?callbackUrl=http%3A%2F%2Flocalhost%3A3003%2Fprofile 307 in 3ms (proxy.ts: 1.8ms)
 GET /login?callbackUrl=http%3A%2F%2Flocalhost%3A3003%2Fprofile 307 in 10ms (proxy.ts: 5ms)
 GET /login?callbackUrl=http%3A%2F%2Flocalhost%3A3003%2Fprofile 307 in 9ms (proxy.ts: 5ms)
 GET /login?callbackUrl=http%3A%2F%2Flocalhost%3A3003%2Fprofile 307 in 8ms (proxy.ts: 4ms)
 GET /login?callbackUrl=http%3A%2F%2Flocalhost%3A3003%2Fprofile 307 in 6ms (proxy.ts: 4ms)
 GET /login?callbackUrl=http%3A%2F%2Flocalhost%3A3003%2Fprofile 307 in 4ms (proxy.ts: 3ms)
 GET /login?callbackUrl=http%3A%2F%2Flocalhost%3A3003%2Fprofile 307 in 8ms (proxy.ts: 4ms)
 GET /login?callbackUrl=http%3A%2F%2Flocalhost%3A3003%2Fprofile 307 in 21ms (proxy.ts: 5ms)
 GET /login?callbackUrl=http%3A%2F%2Flocalhost%3A3003%2Fprofile 200 in 55ms (next.js: 4ms, proxy.ts: 3ms, application-code: 48ms)
 GET /login?callbackUrl=http%3A%2F%2Flocalhost%3A3003%2Fprofile 307 in 16ms (proxy.ts: 4ms)
 GET /login?callbackUrl=http%3A%2F%2Flocalhost%3A3003%2Fprofile 200 in 46ms (next.js: 5ms, proxy.ts: 4ms, application-code: 37ms)
 GET /login?callbackUrl=http%3A%2F%2Flocalhost%3A3003%2Fprofile 200 in 46ms (next.js: 3ms, proxy.ts: 4ms, application-code: 39ms)
 GET /login?callbackUrl=http%3A%2F%2Flocalhost%3A3003%2Fprofile 307 in 25ms (proxy.ts: 6ms)
 GET /login?callbackUrl=http%3A%2F%2Flocalhost%3A3003%2Fprofile 200 in 54ms (next.js: 5ms, proxy.ts: 5ms, application-code: 44ms)
 GET /login?callbackUrl=http%3A%2F%2Flocalhost%3A3003%2Fprofile 307 in 29ms (proxy.ts: 6ms)
 GET /login?callbackUrl=http%3A%2F%2Flocalhost%3A3003%2Fprofile 200 in 54ms (next.js: 4ms, proxy.ts: 6ms, application-code: 44ms)
 GET /login?callbackUrl=http%3A%2F%2Flocalhost%3A3003%2Fprofile 307 in 23ms (proxy.ts: 16ms)
 GET /login?callbackUrl=http%3A%2F%2Flocalhost%3A3003%2Fprofile 200 in 47ms (next.js: 5ms, proxy.ts: 5ms, application-code: 37ms)
 GET /login?callbackUrl=http%3A%2F%2Flocalhost%3A3003%2Fprofile 307 in 22ms (proxy.ts: 14ms)
 GET /login?callbackUrl=http%3A%2F%2Flocalhost%3A3003%2Fprofile 200 in 47ms (next.js: 3ms, proxy.ts: 5ms, application-code: 38ms)
 GET /login?callbackUrl=http%3A%2F%2Flocalhost%3A3003%2Fprofile 307 in 23ms (proxy.ts: 18ms)
 GET /login?callbackUrl=http%3A%2F%2Flocalhost%3A3003%2Fprofile 200 in 50ms (next.js: 5ms, proxy.ts: 4ms, application-code: 41ms)
 GET /login?callbackUrl=http%3A%2F%2Flocalhost%3A3003%2Fprofile 307 in 25ms (proxy.ts: 22ms)
 GET /login?callbackUrl=http%3A%2F%2Flocalhost%3A3003%2Fprofile 200 in 49ms (next.js: 4ms, proxy.ts: 6ms, application-code: 40ms)
 GET /login?callbackUrl=http%3A%2F%2Flocalhost%3A3003%2Fprofile 307 in 21ms (proxy.ts: 17ms)
 GET /login?callbackUrl=http%3A%2F%2Flocalhost%3A3003%2Fprofile 200 in 41ms (next.js: 5ms, proxy.ts: 4ms, application-code: 32ms)
 GET /login?callbackUrl=http%3A%2F%2Flocalhost%3A3003%2Fprofile 307 in 12ms (proxy.ts: 8ms)
 GET /login?callbackUrl=http%3A%2F%2Flocalhost%3A3003%2Fprofile 200 in 42ms (next.js: 4ms, proxy.ts: 3ms, application-code: 35ms)
 GET /login?callbackUrl=http%3A%2F%2Flocalhost%3A3003%2Fprofile 307 in 19ms (proxy.ts: 5ms)
 GET /login?callbackUrl=http%3A%2F%2Flocalhost%3A3003%2Fprofile 200 in 47ms (next.js: 5ms, proxy.ts: 5ms, application-code: 38ms)
 GET /login?callbackUrl=http%3A%2F%2Flocalhost%3A3003%2Fprofile 200 in 45ms (next.js: 3ms, proxy.ts: 3ms, application-code: 39ms)
 GET /login?callbackUrl=http%3A%2F%2Flocalhost%3A3003%2Fprofile 307 in 21ms (proxy.ts: 4ms)
 GET /login?callbackUrl=http%3A%2F%2Flocalhost%3A3003%2Fprofile 200 in 41ms (next.js: 3ms, proxy.ts: 4ms, application-code: 34ms)
 GET /login?callbackUrl=http%3A%2F%2Flocalhost%3A3003%2Fprofile 307 in 19ms (proxy.ts: 12ms)
 GET /login?callbackUrl=http%3A%2F%2Flocalhost%3A3003%2Fprofile 200 in 42ms (next.js: 2ms, proxy.ts: 4ms, application-code: 35ms)
 GET /login?callbackUrl=http%3A%2F%2Flocalhost%3A3003%2Fprofile 307 in 21ms (proxy.ts: 18ms)
 GET /login?callbackUrl=http%3A%2F%2Flocalhost%3A3003%2Fprofile 200 in 48ms (next.js: 3ms, proxy.ts: 5ms, application-code: 41ms)
 GET /login?callbackUrl=http%3A%2F%2Flocalhost%3A3003%2Fprofile 307 in 24ms (proxy.ts: 16ms)
 GET /login?callbackUrl=http%3A%2F%2Flocalhost%3A3003%2Fprofile 200 in 47ms (next.js: 3ms, proxy.ts: 4ms, application-code: 40ms)
 GET /login?callbackUrl=http%3A%2F%2Flocalhost%3A3003%2Fprofile 307 in 20ms (proxy.ts: 17ms)
 GET /login?callbackUrl=http%3A%2F%2Flocalhost%3A3003%2Fprofile 200 in 46ms (next.js: 3ms, proxy.ts: 9ms, application-code: 34ms)
 GET /login?callbackUrl=http%3A%2F%2Flocalhost%3A3003%2Fprofile 307 in 19ms (proxy.ts: 16ms)
 GET /login?callbackUrl=http%3A%2F%2Flocalhost%3A3003%2Fprofile 200 in 41ms (next.js: 2ms, proxy.ts: 4ms, application-code: 35ms)
 GET /login?callbackUrl=http%3A%2F%2Flocalhost%3A3003%2Fprofile 307 in 21ms (proxy.ts: 16ms)
 GET /login?callbackUrl=http%3A%2F%2Flocalhost%3A3003%2Fprofile 200 in 40ms (next.js: 4ms, proxy.ts: 4ms, application-code: 32ms)
 GET /login?callbackUrl=http%3A%2F%2Flocalhost%3A3003%2Fprofile 307 in 24ms (proxy.ts: 21ms)
 GET /login?callbackUrl=http%3A%2F%2Flocalhost%3A3003%2Fprofile 200 in 50ms (next.js: 4ms, proxy.ts: 5ms, application-code: 41ms)
 GET /login?callbackUrl=http%3A%2F%2Flocalhost%3A3003%2Fprofile 307 in 12ms (proxy.ts: 8ms)
 GET /login?callbackUrl=http%3A%2F%2Flocalhost%3A3003%2Fprofile 200 in 47ms (next.js: 3ms, proxy.ts: 8ms, application-code: 36ms)
 GET /login?callbackUrl=http%3A%2F%2Flocalhost%3A3003%2Fprofile 307 in 16ms (proxy.ts: 4ms)
 GET /login?callbackUrl=http%3A%2F%2Flocalhost%3A3003%2Fprofile 200 in 39ms (next.js: 3ms, proxy.ts: 4ms, application-code: 32ms)
 GET /login?callbackUrl=http%3A%2F%2Flocalhost%3A3003%2Fprofile 200 in 39ms (next.js: 2ms, proxy.ts: 3ms, application-code: 33ms)
 GET /login?callbackUrl=http%3A%2F%2Flocalhost%3A3003%2Fprofile 307 in 20ms (proxy.ts: 4ms)
 GET /login?callbackUrl=http%3A%2F%2Flocalhost%3A3003%2Fprofile 200 in 42ms (next.js: 3ms, proxy.ts: 3ms, application-code: 36ms)
 GET /login?callbackUrl=http%3A%2F%2Flocalhost%3A3003%2Fprofile 307 in 20ms (proxy.ts: 16ms)
 GET /login?callbackUrl=http%3A%2F%2Flocalhost%3A3003%2Fprofile 200 in 43ms (next.js: 7ms, proxy.ts: 5ms, application-code: 31ms)
 GET /login?callbackUrl=http%3A%2F%2Flocalhost%3A3003%2Fprofile 307 in 21ms (proxy.ts: 18ms)
 GET /login?callbackUrl=http%3A%2F%2Flocalhost%3A3003%2Fprofile 200 in 40ms (next.js: 3ms, proxy.ts: 3ms, application-code: 34ms)
 GET /login?callbackUrl=http%3A%2F%2Flocalhost%3A3003%2Fprofile 307 in 21ms (proxy.ts: 16ms)
 GET /login?callbackUrl=http%3A%2F%2Flocalhost%3A3003%2Fprofile 200 in 40ms (next.js: 3ms, proxy.ts: 3ms, application-code: 34ms)
 GET /login?callbackUrl=http%3A%2F%2Flocalhost%3A3003%2Fprofile 307 in 18ms (proxy.ts: 16ms)
 GET /login?callbackUrl=http%3A%2F%2Flocalhost%3A3003%2Fprofile 200 in 44ms (next.js: 4ms, proxy.ts: 4ms, application-code: 36ms)
 GET /login?callbackUrl=http%3A%2F%2Flocalhost%3A3003%2Fprofile 307 in 8ms (proxy.ts: 5ms)
 GET /login?callbackUrl=http%3A%2F%2Flocalhost%3A3003%2Fprofile 200 in 40ms (next.js: 7ms, proxy.ts: 3ms, application-code: 30ms)
 GET /login?callbackUrl=http%3A%2F%2Flocalhost%3A3003%2Fprofile 307 in 16ms (proxy.ts: 5ms)
 GET /login?callbackUrl=http%3A%2F%2Flocalhost%3A3003%2Fprofile 200 in 36ms (next.js: 2ms, proxy.ts: 3ms, application-code: 31ms)
 GET /login?callbackUrl=http%3A%2F%2Flocalhost%3A3003%2Fprofile 307 in 18ms (proxy.ts: 4ms)
 GET /login?callbackUrl=http%3A%2F%2Flocalhost%3A3003%2Fprofile 200 in 42ms (next.js: 3ms, proxy.ts: 4ms, application-code: 36ms)
 GET /login?callbackUrl=http%3A%2F%2Flocalhost%3A3003%2Fprofile 307 in 22ms (proxy.ts: 5ms)
 GET /login?callbackUrl=http%3A%2F%2Flocalhost%3A3003%2Fprofile 200 in 49ms (next.js: 4ms, proxy.ts: 3ms, application-code: 41ms)
 GET /login?callbackUrl=http%3A%2F%2Flocalhost%3A3003%2Fprofile 307 in 16ms (proxy.ts: 3ms)
 GET /login?callbackUrl=http%3A%2F%2Flocalhost%3A3003%2Fprofile 200 in 44ms (next.js: 3ms, proxy.ts: 5ms, application-code: 37ms)
 GET /login?callbackUrl=http%3A%2F%2Flocalhost%3A3003%2Fprofile 200 in 43ms (next.js: 3ms, proxy.ts: 3ms, application-code: 37ms)
 GET /login?callbackUrl=http%3A%2F%2Flocalhost%3A3003%2Fprofile 307 in 27ms (proxy.ts: 6ms)
 GET /login?callbackUrl=http%3A%2F%2Flocalhost%3A3003%2Fprofile 200 in 50ms (next.js: 4ms, proxy.ts: 7ms, application-code: 39ms)
 GET /login?callbackUrl=http%3A%2F%2Flocalhost%3A3003%2Fprofile 307 in 20ms (proxy.ts: 14ms)
 GET /login?callbackUrl=http%3A%2F%2Flocalhost%3A3003%2Fprofile 200 in 46ms (next.js: 3ms, proxy.ts: 7ms, application-code: 36ms)
 GET /login?callbackUrl=http%3A%2F%2Flocalhost%3A3003%2Fprofile 307 in 23ms (proxy.ts: 17ms)
 GET /login?callbackUrl=http%3A%2F%2Flocalhost%3A3003%2Fprofile 200 in 48ms (next.js: 3ms, proxy.ts: 6ms, application-code: 39ms)
 GET /login?callbackUrl=http%3A%2F%2Flocalhost%3A3003%2Fprofile 307 in 20ms (proxy.ts: 16ms)
 GET /login?callbackUrl=http%3A%2F%2Flocalhost%3A3003%2Fprofile 200 in 41ms (next.js: 3ms, proxy.ts: 4ms, application-code: 34ms)
 GET /login?callbackUrl=http%3A%2F%2Flocalhost%3A3003%2Fprofile 307 in 19ms (proxy.ts: 15ms)
 GET /login?callbackUrl=http%3A%2F%2Flocalhost%3A3003%2Fprofile 200 in 39ms (next.js: 3ms, proxy.ts: 5ms, application-code: 31ms)
 GET /login?callbackUrl=http%3A%2F%2Flocalhost%3A3003%2Fprofile 307 in 20ms (proxy.ts: 17ms)
 GET /login?callbackUrl=http%3A%2F%2Flocalhost%3A3003%2Fprofile 200 in 46ms (next.js: 5ms, proxy.ts: 5ms, application-code: 37ms)
 GET /login?callbackUrl=http%3A%2F%2Flocalhost%3A3003%2Fprofile 307 in 24ms (proxy.ts: 21ms)
 GET /login?callbackUrl=http%3A%2F%2Flocalhost%3A3003%2Fprofile 200 in 44ms (next.js: 2ms, proxy.ts: 3ms, application-code: 38ms)
 GET /login?callbackUrl=http%3A%2F%2Flocalhost%3A3003%2Fprofile 307 in 21ms (proxy.ts: 17ms)
 GET /login?callbackUrl=http%3A%2F%2Flocalhost%3A3003%2Fprofile 200 in 46ms (next.js: 2ms, proxy.ts: 5ms, application-code: 38ms)
 GET /login?callbackUrl=http%3A%2F%2Flocalhost%3A3003%2Fprofile 307 in 21ms (proxy.ts: 17ms)
 GET /login?callbackUrl=http%3A%2F%2Flocalhost%3A3003%2Fprofile 200 in 45ms (next.js: 6ms, proxy.ts: 5ms, application-code: 34ms)
[manifest] scheduler tick failed: Error [ApiError]: Request failed (500).
    at ApiClient.json (src/lib/apiClient.ts:93:13)
    at async getPortalSettings (src/lib/settings.ts:57:24)
    at async Timeout.tick [as _onTimeout] (src/lib/manifestScheduler.ts:22:22)
  91 |     if (!res.ok) {
  92 |       const message = (body as { error?: string } | null)?.error ?? `Request failed (${res.status}).`;
> 93 |       throw new ApiError(message, res.status);
     |             ^
  94 |     }
  95 |     return body as T;
  96 |   } {
  status: 500,
  isApiError: true
}
 GET /login?callbackUrl=http%3A%2F%2Flocalhost%3A3003%2Fprofile 307 in 32ms (proxy.ts: 24ms)
 GET /login?callbackUrl=http%3A%2F%2Flocalhost%3A3003%2Fprofile 200 in 69ms (next.js: 5ms, proxy.ts: 5ms, application-code: 59ms)
 GET /login?callbackUrl=http%3A%2F%2Flocalhost%3A3003%2Fprofile 307 in 14ms (proxy.ts: 10ms)
 GET /login?callbackUrl=http%3A%2F%2Flocalhost%3A3003%2Fprofile 200 in 59ms (next.js: 8ms, proxy.ts: 9ms, application-code: 41ms)
 GET /login?callbackUrl=http%3A%2F%2Flocalhost%3A3003%2Fprofile 307 in 13ms (proxy.ts: 3ms)
 GET /login?callbackUrl=http%3A%2F%2Flocalhost%3A3003%2Fprofile 200 in 34ms (next.js: 4ms, proxy.ts: 5ms, application-code: 26ms)
 GET /login?callbackUrl=http%3A%2F%2Flocalhost%3A3003%2Fprofile 307 in 14ms (proxy.ts: 3ms)
 GET /login?callbackUrl=http%3A%2F%2Flocalhost%3A3003%2Fprofile 200 in 34ms (next.js: 1.9ms, proxy.ts: 2ms, application-code: 30ms)
 GET /login?callbackUrl=http%3A%2F%2Flocalhost%3A3003%2Fprofile 200 in 37ms (next.js: 3ms, proxy.ts: 3ms, application-code: 31ms)
 GET /login?callbackUrl=http%3A%2F%2Flocalhost%3A3003%2Fprofile 307 in 19ms (proxy.ts: 3ms)
 GET /login?callbackUrl=http%3A%2F%2Flocalhost%3A3003%2Fprofile 200 in 34ms (next.js: 1.8ms, proxy.ts: 4ms, application-code: 29ms)
 GET /login?callbackUrl=http%3A%2F%2Flocalhost%3A3003%2Fprofile 307 in 27ms (proxy.ts: 15ms)
 GET /login?callbackUrl=http%3A%2F%2Flocalhost%3A3003%2Fprofile 200 in 67ms (next.js: 3ms, proxy.ts: 5ms, application-code: 59ms)
 GET /login?callbackUrl=http%3A%2F%2Flocalhost%3A3003%2Fprofile 307 in 42ms (proxy.ts: 35ms)
 GET /login?callbackUrl=http%3A%2F%2Flocalhost%3A3003%2Fprofile 200 in 67ms (next.js: 15ms, proxy.ts: 9ms, application-code: 43ms)
 GET /login?callbackUrl=http%3A%2F%2Flocalhost%3A3003%2Fprofile 307 in 18ms (proxy.ts: 16ms)
 GET /login?callbackUrl=http%3A%2F%2Flocalhost%3A3003%2Fprofile 200 in 39ms (next.js: 3ms, proxy.ts: 5ms, application-code: 31ms)
 GET /login?callbackUrl=http%3A%2F%2Flocalhost%3A3003%2Fprofile 307 in 18ms (proxy.ts: 15ms)
 GET /login?callbackUrl=http%3A%2F%2Flocalhost%3A3003%2Fprofile 200 in 32ms (next.js: 3ms, proxy.ts: 3ms, application-code: 26ms)
 GET /login?callbackUrl=http%3A%2F%2Flocalhost%3A3003%2Fprofile 307 in 17ms (proxy.ts: 14ms)
 GET /login?callbackUrl=http%3A%2F%2Flocalhost%3A3003%2Fprofile 200 in 37ms (next.js: 3ms, proxy.ts: 3ms, application-code: 31ms)
 GET /login?callbackUrl=http%3A%2F%2Flocalhost%3A3003%2Fprofile 307 in 9ms (proxy.ts: 8ms)
 GET /login?callbackUrl=http%3A%2F%2Flocalhost%3A3003%2Fprofile 200 in 35ms (next.js: 3ms, proxy.ts: 2ms, application-code: 31ms)
 GET /login?callbackUrl=http%3A%2F%2Flocalhost%3A3003%2Fprofile 200 in 25ms (next.js: 2ms, proxy.ts: 7ms, application-code: 16ms)
 GET /login?callbackUrl=http%3A%2F%2Flocalhost%3A3003%2Fprofile 307 in 6ms (proxy.ts: 4ms)
 GET /login?callbackUrl=http%3A%2F%2Flocalhost%3A3003%2Fprofile 200 in 40ms (next.js: 5ms, proxy.ts: 3ms, application-code: 32ms)
 GET /login?callbackUrl=http%3A%2F%2Flocalhost%3A3003%2Fprofile 307 in 22ms (proxy.ts: 6ms)
 GET /login?callbackUrl=http%3A%2F%2Flocalhost%3A3003%2Fprofile 200 in 29ms (next.js: 2ms, proxy.ts: 4ms, application-code: 23ms)
 GET /login?callbackUrl=http%3A%2F%2Flocalhost%3A3003%2Fprofile 307 in 18ms (proxy.ts: 4ms)
 GET /login?callbackUrl=http%3A%2F%2Flocalhost%3A3003%2Fprofile 200 in 45ms (next.js: 3ms, proxy.ts: 4ms, application-code: 38ms)
 GET /login?callbackUrl=http%3A%2F%2Flocalhost%3A3003%2Fprofile 307 in 24ms (proxy.ts: 14ms)
 GET /login?callbackUrl=http%3A%2F%2Flocalhost%3A3003%2Fprofile 200 in 44ms (next.js: 3ms, proxy.ts: 6ms, application-code: 36ms)
 GET /login?callbackUrl=http%3A%2F%2Flocalhost%3A3003%2Fprofile 307 in 20ms (proxy.ts: 14ms)
 GET /login?callbackUrl=http%3A%2F%2Flocalhost%3A3003%2Fprofile 200 in 32ms (next.js: 4ms, proxy.ts: 8ms, application-code: 20ms)
 GET /login?callbackUrl=http%3A%2F%2Flocalhost%3A3003%2Fprofile 307 in 21ms (proxy.ts: 17ms)
 GET /login?callbackUrl=http%3A%2F%2Flocalhost%3A3003%2Fprofile 200 in 29ms (next.js: 3ms, proxy.ts: 3ms, application-code: 22ms)
 GET /login?callbackUrl=http%3A%2F%2Flocalhost%3A3003%2Fprofile 307 in 26ms (proxy.ts: 23ms)
 GET /login?callbackUrl=http%3A%2F%2Flocalhost%3A3003%2Fprofile 200 in 57ms (next.js: 5ms, proxy.ts: 5ms, application-code: 47ms)
 GET /login?callbackUrl=http%3A%2F%2Flocalhost%3A3003%2Fprofile 307 in 27ms (proxy.ts: 22ms)
 GET /login?callbackUrl=http%3A%2F%2Flocalhost%3A3003%2Fprofile 200 in 53ms (next.js: 4ms, proxy.ts: 5ms, application-code: 45ms)
 GET /login?callbackUrl=http%3A%2F%2Flocalhost%3A3003%2Fprofile 307 in 35ms (proxy.ts: 20ms)
 GET /login?callbackUrl=http%3A%2F%2Flocalhost%3A3003%2Fprofile 200 in 78ms (next.js: 5ms, proxy.ts: 6ms, application-code: 67ms)
 GET /login?callbackUrl=http%3A%2F%2Flocalhost%3A3003%2Fprofile 307 in 39ms (proxy.ts: 33ms)
 GET /login?callbackUrl=http%3A%2F%2Flocalhost%3A3003%2Fprofile 200 in 76ms (next.js: 5ms, proxy.ts: 6ms, application-code: 65ms)
 GET /login?callbackUrl=http%3A%2F%2Flocalhost%3A3003%2Fprofile 307 in 36ms (proxy.ts: 28ms)
 GET /login?callbackUrl=http%3A%2F%2Flocalhost%3A3003%2Fprofile 200 in 67ms (next.js: 7ms, proxy.ts: 7ms, application-code: 52ms)
 GET /login?callbackUrl=http%3A%2F%2Flocalhost%3A3003%2Fprofile 307 in 27ms (proxy.ts: 22ms)
 GET /login?callbackUrl=http%3A%2F%2Flocalhost%3A3003%2Fprofile 200 in 62ms (next.js: 4ms, proxy.ts: 9ms, application-code: 49ms)
 GET /login?callbackUrl=http%3A%2F%2Flocalhost%3A3003%2Fprofile 307 in 28ms (proxy.ts: 23ms)
 GET /login?callbackUrl=http%3A%2F%2Flocalhost%3A3003%2Fprofile 200 in 64ms (next.js: 8ms, proxy.ts: 4ms, application-code: 52ms)
 GET /login?callbackUrl=http%3A%2F%2Flocalhost%3A3003%2Fprofile 307 in 19ms (proxy.ts: 7ms)
 GET /login?callbackUrl=http%3A%2F%2Flocalhost%3A3003%2Fprofile 200 in 52ms (next.js: 6ms, proxy.ts: 5ms, application-code: 42ms)
 GET /login?callbackUrl=http%3A%2F%2Flocalhost%3A3003%2Fprofile 307 in 16ms (proxy.ts: 3ms)
 GET /login?callbackUrl=http%3A%2F%2Flocalhost%3A3003%2Fprofile 200 in 38ms (next.js: 3ms, proxy.ts: 4ms, application-code: 31ms)
 GET /login?callbackUrl=http%3A%2F%2Flocalhost%3A3003%2Fprofile 307 in 16ms (proxy.ts: 3ms)
 GET /login?callbackUrl=http%3A%2F%2Flocalhost%3A3003%2Fprofile 200 in 36ms (next.js: 1.6ms, proxy.ts: 3ms, application-code: 31ms)
 GET /login?callbackUrl=http%3A%2F%2Flocalhost%3A3003%2Fprofile 307 in 16ms (proxy.ts: 2ms)
 GET /login?callbackUrl=http%3A%2F%2Flocalhost%3A3003%2Fprofile 200 in 40ms (next.js: 2ms, proxy.ts: 2ms, application-code: 35ms)
 GET /login?callbackUrl=http%3A%2F%2Flocalhost%3A3003%2Fprofile 307 in 15ms (proxy.ts: 3ms)
 GET /login?callbackUrl=http%3A%2F%2Flocalhost%3A3003%2Fprofile 200 in 41ms (next.js: 2ms, proxy.ts: 1.7ms, application-code: 37ms)
 GET /login?callbackUrl=http%3A%2F%2Flocalhost%3A3003%2Fprofile 307 in 16ms (proxy.ts: 3ms)
 GET /login?callbackUrl=http%3A%2F%2Flocalhost%3A3003%2Fprofile 200 in 41ms (next.js: 2ms, proxy.ts: 2ms, application-code: 36ms)
 GET /login?callbackUrl=http%3A%2F%2Flocalhost%3A3003%2Fprofile 307 in 16ms (proxy.ts: 5ms)
 GET /login?callbackUrl=http%3A%2F%2Flocalhost%3A3003%2Fprofile 200 in 41ms (next.js: 3ms, proxy.ts: 2ms, application-code: 36ms)
 GET /login?callbackUrl=http%3A%2F%2Flocalhost%3A3003%2Fprofile 200 in 40ms (next.js: 3ms, proxy.ts: 4ms, application-code: 33ms)
 GET /login?callbackUrl=http%3A%2F%2Flocalhost%3A3003%2Fprofile 307 in 19ms (proxy.ts: 7ms)
 GET /login?callbackUrl=http%3A%2F%2Flocalhost%3A3003%2Fprofile 200 in 24ms (next.js: 2ms, proxy.ts: 5ms, application-code: 17ms)
 GET /login?callbackUrl=http%3A%2F%2Flocalhost%3A3003%2Fprofile 307 in 7ms (proxy.ts: 3ms)
 GET /login?callbackUrl=http%3A%2F%2Flocalhost%3A3003%2Fprofile 200 in 96ms (next.js: 4ms, proxy.ts: 3ms, application-code: 89ms)
 GET /login?callbackUrl=http%3A%2F%2Flocalhost%3A3003%2Fprofile 200 in 71ms (next.js: 52ms, proxy.ts: 3ms, application-code: 16ms)
⨯ Error [ApiError]: Request failed (500).
    at ApiClient.json (src/lib/apiClient.ts:93:13)
    at async getPortalSettings (src/lib/settings.ts:58:24)
    at async Module.generateMetadata (src/app/layout.tsx:18:20)
  91 |     if (!res.ok) {
  92 |       const message = (body as { error?: string } | null)?.error ?? `Request failed (${res.status}).`;
> 93 |       throw new ApiError(message, res.status);
     |             ^
  94 |     }
  95 |     return body as T;
  96 |   } {
  status: 500,
  isApiError: true,
  digest: '3291131544'
}
⨯ Error [ApiError]: Request failed (500).
    at ApiClient.json (src/lib/apiClient.ts:93:13)
    at async getPortalSettings (src/lib/settings.ts:58:24)
    at async LoginPage (src/app/login/page.tsx:14:20)
  91 |     if (!res.ok) {
  92 |       const message = (body as { error?: string } | null)?.error ?? `Request failed (${res.status}).`;
> 93 |       throw new ApiError(message, res.status);
     |             ^
  94 |     }
  95 |     return body as T;
  96 |   } {
  status: 500,
  isApiError: true,
  digest: '2304683877'
}
 GET /login?callbackUrl=http%3A%2F%2Flocalhost%3A3003%2Fprofile 307 in 28ms (proxy.ts: 4ms)
 GET /login?callbackUrl=http%3A%2F%2Flocalhost%3A3003%2Fprofile 500 in 180ms (next.js: 2ms, proxy.ts: 5ms, application-code: 172ms)
 GET /api/auth/session 200 in 121ms (next.js: 82ms, application-code: 39ms)
 GET /api/auth/session 200 in 12ms (next.js: 8ms, application-code: 4ms)
[?25h
